[2026-08-11] 실제 퀴즈 플레이와 최고 점수 저장 확인

$ python3 main.py

========================================
        퀴즈 게임
========================================
1. 퀴즈 풀기
2. 퀴즈 추가
3. 퀴즈 목록
4. 점수 확인
5. 종료
========================================
선택: 1
총 6개의 퀴즈가 등록되어 있습니다.
몇 문제를 푸시겠습니까? (1-6): 1

----------------------------------------

[문제 1]
판매수수료 값이 다음과 같을 때 COUNT(판매수수료)의 결과는?

100, NULL, 0, 50

[1]2
[2]3
[3]4
[4]오류 발생
----------------------------------------

정답 입력: 2
정답입니다!
========================================
1문제 중 1문제 정답
========================================
최고 점수를 갱신했습니다!

선택: 4
최고 점수: 1점

선택: 5
게임을 종료합니다.

재실행 복원 확인:

$ python3 -c "from quiz_game import QuizGame; ..."
persistence: quizzes=6, best_score=1, has_played=True

결과: PASS
- 저장된 6개 문제 중 1개가 무작위로 출제됨
- 정답 판정과 결과 요약이 정상 출력됨
- 최고 점수 1점과 has_played=True가 state.json에 저장됨
- 새 QuizGame 객체에서 문제 수, 최고 점수, 응시 상태가 복원됨
