[2026-08-11] Git 필수 명령 7종 확인

1. init

$ git init
Reinitialized existing Git repository in /Users/tak-e/develop/codyssey/quiz-game-practice/.git/

2. add

$ git add README.md docs/SUBMISSION_EVIDENCE.md logs/07-clone-pull.log

3. commit

$ git commit -m "Docs: clone/pull 실습 및 제출 증거 정리"
[main 0816fac] Docs: clone/pull 실습 및 제출 증거 정리

4. push

$ git push origin main
To https://github.com/Dong-tak/quiz-game-practice.git
   3fd16ba..0816fac  main -> main

5. pull

$ git pull --ff-only origin main
Updating 420190f..3fd16ba
Fast-forward

6. checkout

$ git checkout main
Already on 'main'
Your branch is up to date with 'origin/main'.

7. clone

$ git clone https://github.com/Dong-tak/quiz-game-practice.git /Users/tak-e/develop/codyssey/quiz-game-practice-clone
Cloning into '/Users/tak-e/develop/codyssey/quiz-game-practice-clone'...

결과: PASS
- init, add, commit, push, pull, checkout, clone 명령을 각각 실행함
- clone/pull 상세 출력은 logs/07-clone-pull.log에 기록함
