[2026-08-11] 입력·영속성·예외 처리 통합 검증

실제 프로젝트의 state.json을 변경하지 않고 임시 디렉터리에서 다음 항목을
자동 검증했다.

1. 기본 퀴즈가 5개이고 각 문제의 선택지가 4개인지 확인
2. Quiz 정답 판정, 정답 문구, to_dict/from_dict 왕복 확인
3. 숫자 입력의 빈값, 문자, 범위 밖 값, 앞뒤 공백 처리 확인
4. 문자열 입력의 빈값과 앞뒤 공백 처리 확인
5. 새 퀴즈 추가 후 state.json 저장 확인
6. 새 QuizGame 객체에서 추가한 퀴즈 6개 복원 확인
7. 퀴즈 플레이 후 best_score와 has_played 저장·복원 확인
8. 잘못된 JSON 문법에서 기본 퀴즈 복구 확인
9. 선택지 개수, 정답 범위, 점수 자료형이 잘못된 JSON에서 복구 확인
10. 정상 종료, EOFError, KeyboardInterrupt에서 save 호출 확인

실행 결과:

ALL FUNCTIONAL TESTS: PASS
SEMANTIC CORRUPTION RECOVERY: PASS

결과: PASS
- 추가 퀴즈와 최고 점수가 재실행 후 유지됨
- 파일이 없거나 문법·데이터 구조가 손상돼도 기본 퀴즈로 실행됨
- 정상 종료와 Ctrl+C/EOF 상황에서 저장 후 안전하게 종료됨
