# [04] 샘플 데이터에 심어둔 '구멍' 검증
# 실행 시각: 2026-09-17 22:40:34
# 목적: 데이터가 매끄럽기만 하면 LEFT JOIN 을 써도 INNER JOIN 과 결과가 같아서
#       왜 LEFT 를 썼는지 증명할 수 없다. 의도적으로 빈자리를 남겼는지 확인한다.

항목                   건수  용도                          
-------------------  --  ----------------------------
담당 미배정 학생            1   Q9 LEFT JOIN / Q15 UPDATE 대상
담당 학생 0명 선생님         2   Q9 - INNER JOIN이면 사라짐       
상담 0건 학생             2   Q8 LEFT JOIN + IS NULL      
자녀 2명 이상 학부모         3   Q7 - 1:N 실증                 
미납(paid_at IS NULL)  5   지표3 수금 리포트                  
후속조치 미정 상담           4   Q4 IS NULL 판정               
휴원/퇴원 학생             2   Q1 status 필터 / Q16 DELETE 대상

# 전부 1건 이상 존재 -> 쿼리들이 의미 있는 결과를 낼 수 있다.

# --- INNER JOIN 과 LEFT JOIN 의 차이가 실제로 나는지 확인 ---
$ INNER JOIN 으로 학생 명단 (담당 없는 학생은 빠진다)
14
$ LEFT JOIN 으로 학생 명단 (전원 나온다)
15
# 14 vs 15 -> 담당 미배정 학생 1명이 INNER JOIN 에서 탈락했다. LEFT JOIN 을 쓴 이유.
