# [05] 핵심 쿼리 18개 실행
# 실행 시각: 2026-09-17 22:41:16
# 목적: 요구 15개 이상을 채우고 각 쿼리가 실제로 결과를 내는지 확인한다.

# [주의] Q15(UPDATE)/Q16(DELETE)가 데이터를 바꾸므로 이 스크립트는 멱등하지 않다.
#        같은 결과를 보려면 01-schema.sql -> 02-seed.sql 로 초기화한 뒤 실행한다.
$ sqlite3 academy.db < sql/01-schema.sql
$ sqlite3 academy.db < sql/02-seed.sql

$ sqlite3 academy.db < sql/03-queries.sql > results/03-queries-output.txt
종료 코드: 0  (0 = 에러 없음)

$ wc -l results/03-queries-output.txt
     203 results/03-queries-output.txt
$ grep -ci error results/03-queries-output.txt   # 0 이어야 정상
0

# ---------- 요구사항 자동 대조 ----------
항목               실제   요구
----------------     ------   ----------------
쿼리 설명 주석 18개    쿼리마다 1줄
INNER JOIN 절       16회    2개 이상
LEFT JOIN 절        4회     1개 이상
GROUP BY 절         10회    집계 3개 이상
UPDATE 문           1개     UPDATE/DELETE 합 2개
DELETE 문           1개     
CREATE INDEX 문     2개     1개 이상

# 주: 위는 '구문 등장 횟수'다. 쿼리 1개가 INNER JOIN 을 2번 쓰기도 하므로 쿼리 수와 다르다.
#     쿼리 단위: 기본조회 4 / 조인 5 / 집계 4 / 서브쿼리 1 / 수정삭제 2 / 인덱스 2 = 18개

# ---------- Q8 발췌 : LEFT JOIN + IS NULL ----------
--- Q8. [LEFT JOIN + IS NULL] 상담을 한 번도 받지 못한 학생 -------
id  학생   학교   등록일       
--  ---  ---  ----------
9   강민재  경기고  2026-03-17
15  배시윤  경문고  2026-06-01

# ---------- Q15 발췌 : UPDATE 전/후 ----------
--- Q15. [UPDATE] 담당 미배정 학생에게 담당 선생님 배정 -----------
(변경 전)
id  이름   담당교사번호
--  ---  ------
15  배시윤        
(변경 후)
id  이름   담당교사
--  ---  ----
15  배시윤  임수빈 

--- Q16. [DELETE] 퇴원생의 미납 청구 건 삭제 (청구 취소) ----------
# ---------- Q16 발췌 : DELETE 전/후 ----------
--- Q16. [DELETE] 퇴원생의 미납 청구 건 삭제 (청구 취소) ----------
(삭제 전 - 삭제 대상)
id  학생   상태  수강월      금액    
--  ---  --  -------  ------
21  신유진  퇴원  2026-08  380000
(삭제 후 - 남은 미납 건 전체)
id  학생   상태  수강월      금액    
--  ---  --  -------  ------
14  이준서  재원  2026-08  380000
26  최유나  재원  2026-09  450000
30  임지호  재원  2026-09  380000
31  오하은  재원  2026-09  450000

###################################################################
#  [F] 인덱스 2개                                                 #
