# [07] 보너스 과제 실행
# 실행 시각: 2026-09-17 22:41:29
# 목적: B1 두 방식 비교 / B2 정합성 깨뜨리기 / B3 미니 리포트

$ sqlite3 academy.db < sql/04-bonus.sql > results/04-bonus-output.txt
종료 코드: 1
# [중요] 종료 코드 1 은 정상이다. B2 에서 일부러 제약 위반 5건을 일으키기 때문.

$ grep -c 'Runtime error' results/04-bonus-output.txt   # 5 여야 정상
5

# ---------- B1. NOT IN 함정 실증 ----------
--- [함정 실증] NOT IN 은 목록에 NULL 이 섞이면 결과가 통째로 빈다 ---
(준비) 함정을 재현하려고 담당 미배정 학생을 한 명 만든다
담당미배정학생수
--------
1       
(A) NOT IN + NULL 이 섞인 목록  -> 결과가 0행으로 사라진다
(B) NOT EXISTS 로 같은 질문  -> NULL 과 무관하게 정상 동작
id  담당학생없는선생님
--  ---------
8   임수빈      
10  한가람      
(C) NOT IN 을 고치려면 서브쿼리에서 NULL 을 먼저 걸러야 한다
id  담당학생없는선생님
--  ---------
8   임수빈      
10  한가람      
(정리) 담당을 다시 배정해 원래 상태로 되돌린다

--- 세 방식의 실행계획 비교 ----------------------------------------
# 해석: (A) NOT IN 은 서브쿼리 결과에 NULL 이 하나라도 있으면 0행이 된다.
#       (t.id <> v1 AND t.id <> v2 AND ...) 에서 NULL 비교가 UNKNOWN 이 되어
#       AND 전체가 절대 TRUE 가 될 수 없기 때문. 에러도 안 나서 찾기 어렵다.

# ---------- B2. 정합성 위반 5건 (전부 막혀야 정상) ----------
--- [실패 예상 1] 존재하지 않는 학부모(id=999)로 학생 등록 ---------
Runtime error near line 111: FOREIGN KEY constraint failed (19)
--- [실패 예상 2] 이미 등록된 전화번호로 학부모 추가 ---------------
Runtime error near line 119: UNIQUE constraint failed: parent.phone (19)
--- [실패 예상 3] 이름 없이 학생 등록 ------------------------------
Runtime error near line 127: NOT NULL constraint failed: student.name (19)
--- [실패 예상 4] 자녀가 남아 있는 학부모 삭제 ---------------------
Runtime error near line 135: FOREIGN KEY constraint failed (19)
--- [실패 예상 5] 학년에 4를 입력 -----------------------------------
Runtime error near line 142: CHECK constraint failed: grade BETWEEN 1 AND 3 (19)

$ 위반 시도 후에도 행 수가 그대로인지 확인
학생수  학부모수
---  ----
15   12  
# 15 / 12 -> 5건 모두 차단됐다. PRAGMA foreign_keys = ON 이 실제로 동작한다는 증거.

# ---------- B3. 미니 리포트 지표 3개 ----------
--- 지표 2. 월별 상담 활동량 추이 (유형별 분해) --------------------
월        전체  입학상담  정기상담  성적상담  진로상담
-------  --  ----  ----  ----  ----
2026-06  7   7     0     0     0   
2026-07  6   4     1     1     0   
2026-08  6   1     3     2     0   
2026-09  6   0     0     2     4   

--- 지표 3-1. 미납 학생 목록 (수금 대상) ---------------------------
--- 지표 3-2. 월별 청구 / 수납 / 미납 요약 -------------------------
월        청구건수  청구총액     수납액      미납액      미납률 
-------  ----  -------  -------  -------  ----
2026-07  10    4030000  4030000  0        0.0 
2026-08  10    4030000  3650000  380000   9.4 
2026-09  10    4100000  2820000  1280000  31.2

=================== 보너스 과제 실행 완료 =========================
# 해석: 6월 입학상담 7건 -> 9월 0건 (신규 유입 정지)
#       미납률 7월 0% -> 8월 9.4% -> 9월 31.2% (수금 악화)
#       테이블을 나눠 저장했기에 상담/결제를 각각 집계해 교차 해석이 가능하다.
